{
    "fruit_apple": "apple",
    "fruit_orange": "orange",
    "fruit_banana": "banana",
    "vegetable_lettuce": "lettuce",
    "vegetable_tomato": "tomato",
    "vegetable_onion": "onion"
}