{
    "fruit": {
        "apple": "apple",
        "orange": "orange",
        "banana": "banana"
    },
    "vegetable": {
        "lettuce": "lettuce",
        "tomato": "tomato",
        "onion": "onion"
    }
}